]0;~/Downloads/cdcForecastUtils[?1034h(base) gcgibsons-MacBook-Pro:cdcForecastUtils gcgibson$ git st atus
fatal: not a git repository (or any of the parent directories): .git
]0;~/Downloads/cdcForecastUtils[?1034h(base) gcgibsons-MacBook-Pro:cdcForecastUtils gcgibson$ [K(base) gcgibsons-MacBook-Pro:cdcForecastUtils gcgibson$ git remote add origin https://git hub.com/reichlab/cdcForecastUtils.git
fatal: not a git repository (or any of the parent directories): .git
]0;~/Downloads/cdcForecastUtils(base) gcgibsons-MacBook-Pro:cdcForecastUtils gcgibson$ git init
Initialized empty Git repository in /Users/gcgibson/Downloads/cdcForecastUtils/.git/
]0;~/Downloads/cdcForecastUtils(base) gcgibsons-MacBook-Pro:cdcForecastUtils gcgibson$ https://github.com/reichlab/cdcFo recastUtils.git[A[C[C[C[C[C[C[C[C[C[C[C[C[C[C[C[C[C[C[C[C[C[C[C[C[C[C[C[C[C[C[C[C[C[C[C[C[C[C[C[C[Cgit init[K
[K[A[C[C[C[C[C[C[C[C[C[C[C[C[C[C[C[C[C[C[C[C[C[C[C[C[C[C[C[C[C[C[C[C[C[C[C[C[C[C[C[C[C[C[C[C[C[C[C[C[C[C[C[C[C[C[C[C[C[C[C[C[C[C[C[Cremote add origin https://githhub.com/reichlab/cdcForecastUtils.git
]0;~/Downloads/cdcForecastUtils(base) gcgibsons-MacBook-Pro:cdcForecastUtils gcgibson$ git remote -vv
origin	https://github.com/reichlab/cdcForecastUtils.git (fetch)
origin	https://github.com/reichlab/cdcForecastUtils.git (push)
]0;~/Downloads/cdcForecastUtils(base) gcgibsons-MacBook-Pro:cdcForecastUtils gcgibson$ git status
On branch master

No commits yet

Untracked files:
  (use "git add <file>..." to include in what will be committed)

	[31m.Rbuildignore[m
	[31m.Rproj.user/[m
	[31mDESCRIPTION[m
	[31mNAMESPACE[m
	[31mR/[m
	[31mRead-and-delete-me[m
	[31mcdcForecastUtils.Rproj[m
	[31mdata/[m
	[31mvignettes/[m

nothing added to commit but untracked files present (use "git add" to track)
]0;~/Downloads/cdcForecastUtils(base) gcgibsons-MacBook-Pro:cdcForecastUtils gcgibson$ git add -A
]0;~/Downloads/cdcForecastUtils(base) gcgibsons-MacBook-Pro:cdcForecastUtils gcgibson$ git commt [Ki[K[Kit -m "package build and  example"
[master (root-commit) c806cab] package build and example
 85 files changed, 1534 insertions(+)
 create mode 100644 .Rbuildignore
 create mode 100644 .Rproj.user/33E36EF3/console06/74410E2F
 create mode 100644 .Rproj.user/33E36EF3/console06/74410E2F.env
 create mode 100644 .Rproj.user/33E36EF3/console06/INDEX001
 create mode 100644 .Rproj.user/33E36EF3/cpp-definition-cache
 create mode 100644 .Rproj.user/33E36EF3/pcs/files-pane.pper
 create mode 100644 .Rproj.user/33E36EF3/pcs/source-pane.pper
 create mode 100644 .Rproj.user/33E36EF3/pcs/windowlayoutstate.pper
 create mode 100644 .Rproj.user/33E36EF3/pcs/workbench-pane.pper
 create mode 100644 .Rproj.user/33E36EF3/persistent-state
 create mode 100644 .Rproj.user/33E36EF3/rmd-outputs
 create mode 100644 .Rproj.user/33E36EF3/saved_source_markers
 create mode 100644 .Rproj.user/33E36EF3/sources/prop/130A33BF
 create mode 100644 .Rproj.user/33E36EF3/sources/prop/1F402A71
 create mode 100644 .Rproj.user/33E36EF3/sources/prop/68CFC00E
 create mode 100644 .Rproj.user/33E36EF3/sources/prop/709E16C6
 create mode 100644 .Rproj.user/33E36EF3/sources/prop/INDEX
 create mode 100644 .Rproj.user/33E36EF3/sources/s-D8C4D429/215AB8E4
 create mode 100644 .Rproj.user/33E36EF3/sources/s-D8C4D429/215AB8E4-contents
 create mode 100644 .Rproj.user/33E36EF3/sources/s-D8C4D429/3D671088-contents
 create mode 100644 .Rproj.user/33E36EF3/sources/s-D8C4D429/9EBF672F-contents
 create mode 100644 .Rproj.user/33E36EF3/sources/s-D8C4D429/CBA3AE57-contents
 create mode 100644 .Rproj.user/33E36EF3/sources/s-D8C4D429/E504F78C
 create mode 100644 .Rproj.user/33E36EF3/sources/s-D8C4D429/E504F78C-contents
 create mode 100644 .Rproj.user/33E36EF3/sources/s-D8C4D429/lock_file
 create mode 100644 .Rproj.user/shared/notebooks/41B56354-sarimaTD_example/1/33E36EF3D8C4D429/chunks.json
 create mode 100644 .Rproj.user/shared/notebooks/41B56354-sarimaTD_example/1/s/chunks.json
 create mode 100644 .Rproj.user/shared/notebooks/85180FF8-sarimaTD_example/1/33E36EF3D8C4D429/chunks.json
 create mode 100644 .Rproj.user/shared/notebooks/patch-chunk-names
 create mode 100644 .Rproj.user/shared/notebooks/paths
 create mode 100644 DESCRIPTION
 create mode 100644 NAMESPACE
 create mode 100644 R/R/data_utils.R
 create mode 100644 R/R/trajectories-to-binned-distributions.R
 create mode 100644 R/R/utilities.R
 create mode 100644 R/cdcForecastUtils-internal.R
 create mode 100644 R/date_start_and_end_to_date_seq.R
 create mode 100644 R/download_and_preprocess_flu_data.R
 create mode 100644 R/download_and_preprocess_hosp_data.R
 create mode 100644 R/download_and_preprocess_state_flu_data.R
 create mode 100644 R/fetch_delphi_data_multi_issue.R
 create mode 100644 R/get_current_time_in_date_seq.R
 create mode 100644 R/get_time_from_start_of_season.R
 create mode 100644 R/get_time_left_in_season.R
 create mode 100644 R/numeric_samples_to_binned_distribution.R
 create mode 100644 R/rowMax.R
 create mode 100644 R/rowMaxWeek.R
 create mode 100644 R/trajectories_to_short_term_and_seasonal_binned_distributions.R
 create mode 100644 R/trajectories_to_short_term_binned_distributions.R
 create mode 100644 Read-and-delete-me
 create mode 100644 cdcForecastUtils.Rproj
 create mode 100644 data/back_to_dates.rda
 create mode 100644 data/bins.rda
 create mode 100644 data/current_date.rda
 create mode 100644 data/current_date_in_cdc_format.rda
 create mode 100644 data/current_time.rda
 create mode 100644 data/date_end.rda
 create mode 100644 data/date_seq.rda
 create mode 100644 data/date_sequence.rda
 create mode 100644 data/date_start.rda
 create mode 100644 data/flu_data.rda
 create mode 100644 data/h_max.rda
 create mode 100644 data/idx_of_current_time.rda
 create mode 100644 data/ma_data.rda
 create mode 100644 data/nsim.rda
 create mode 100644 data/preds.rda
 create mode 100644 data/results.rda
 create mode 100644 data/retarr.rda
 create mode 100644 data/sarimaFit.rda
 create mode 100644 data/season_end.rda
 create mode 100644 data/season_peak_percentage.rda
 create mode 100644 data/season_peak_week.rda
 create mode 100644 data/season_start.rda
 create mode 100644 data/short_term_results.rda
 create mode 100644 data/submission_df.rda
 create mode 100644 data/time_from_start_of_season.rda
 create mode 100644 data/time_left_in_season.rda
 create mode 100644 data/trajectories.rda
 create mode 100644 data/trajectory_matrix.rda
 create mode 100644 data/unit_test_results.rda
 create mode 100644 data/week_end.rda
 create mode 100644 data/week_start.rda
 create mode 100644 data/year_end.rda
 create mode 100644 data/year_start.rda
 create mode 100644 vignettes/sarimaTD_example.Rmd
]0;~/Downloads/cdcForecastUtils(base) gcgibsons-MacBook-Pro:cdcForecastUtils gcgibson$ git push origin as[K[Kmaster
To https://github.com/reichlab/cdcForecastUtils.git
 [31m! [rejected]       [m master -> master (fetch first)
[31merror: failed to push some refs to 'https://github.com/reichlab/cdcForecastUtils.git'
[m[33mhint: Updates were rejected because the remote contains work that you do[m
[33mhint: not have locally. This is usually caused by another repository pushing[m
[33mhint: to the same ref. You may want to first integrate the remote changes[m
[33mhint: (e.g., 'git pull ...') before pushing again.[m
[33mhint: See the 'Note about fast-forwards' in 'git push --help' for details.[m
]0;~/Downloads/cdcForecastUtils(base) gcgibsons-MacBook-Pro:cdcForecastUtils gcgibson$ git pull
warning: no common commits
remote: Enumerating objects: 29, done.[K
remote: Counting objects:   3% (1/29)[Kremote: Counting objects:   6% (2/29)[Kremote: Counting objects:  10% (3/29)[Kremote: Counting objects:  13% (4/29)[Kremote: Counting objects:  17% (5/29)[Kremote: Counting objects:  20% (6/29)[Kremote: Counting objects:  24% (7/29)[Kremote: Counting objects:  27% (8/29)[Kremote: Counting objects:  31% (9/29)[Kremote: Counting objects:  34% (10/29)[Kremote: Counting objects:  37% (11/29)[Kremote: Counting objects:  41% (12/29)[Kremote: Counting objects:  44% (13/29)[Kremote: Counting objects:  48% (14/29)[Kremote: Counting objects:  51% (15/29)[Kremote: Counting objects:  55% (16/29)[Kremote: Counting objects:  58% (17/29)[Kremote: Counting objects:  62% (18/29)[Kremote: Counting objects:  65% (19/29)[Kremote: Counting objects:  68% (20/29)[Kremote: Counting objects:  72% (21/29)[Kremote: Counting objects:  75% (22/29)[Kremote: Counting objects:  79% (23/29)[Kremote: Counting objects:  82% (24/29)[Kremote: Counting objects:  86% (25/29)[Kremote: Counting objects:  89% (26/29)[Kremote: Counting objects:  93% (27/29)[Kremote: Counting objects:  96% (28/29)[Kremote: Counting objects: 100% (29/29)[Kremote: Counting objects: 100% (29/29), done.[K
remote: Compressing objects:   4% (1/22)[Kremote: Compressing objects:   9% (2/22)[Kremote: Compressing objects:  13% (3/22)[Kremote: Compressing objects:  18% (4/22)[Kremote: Compressing objects:  22% (5/22)[Kremote: Compressing objects:  27% (6/22)[Kremote: Compressing objects:  31% (7/22)[Kremote: Compressing objects:  36% (8/22)[Kremote: Compressing objects:  40% (9/22)[Kremote: Compressing objects:  45% (10/22)[Kremote: Compressing objects:  50% (11/22)[Kremote: Compressing objects:  54% (12/22)[Kremote: Compressing objects:  59% (13/22)[Kremote: Compressing objects:  63% (14/22)[Kremote: Compressing objects:  68% (15/22)[Kremote: Compressing objects:  72% (16/22)[Kremote: Compressing objects:  77% (17/22)[Kremote: Compressing objects:  81% (18/22)[Kremote: Compressing objects:  86% (19/22)[Kremote: Compressing objects:  90% (20/22)[Kremote: Compressing objects:  95% (21/22)[Kremote: Compressing objects: 100% (22/22)[Kremote: Compressing objects: 100% (22/22), done.[K
remote: Total 29 (delta 6), reused 28 (delta 5), pack-reused 0[K
Unpacking objects:   3% (1/29)   Unpacking objects:   6% (2/29)   Unpacking objects:  10% (3/29)   Unpacking objects:  13% (4/29)   Unpacking objects:  17% (5/29)   Unpacking objects:  20% (6/29)   Unpacking objects:  24% (7/29)   Unpacking objects:  27% (8/29)   Unpacking objects:  31% (9/29)   Unpacking objects:  34% (10/29)   Unpacking objects:  37% (11/29)   Unpacking objects:  41% (12/29)   Unpacking objects:  44% (13/29)   Unpacking objects:  48% (14/29)   Unpacking objects:  51% (15/29)   Unpacking objects:  55% (16/29)   Unpacking objects:  58% (17/29)   Unpacking objects:  62% (18/29)   Unpacking objects:  65% (19/29)   Unpacking objects:  68% (20/29)   Unpacking objects:  72% (21/29)   Unpacking objects:  75% (22/29)   Unpacking objects:  79% (23/29)   Unpacking objects:  82% (24/29)   Unpacking objects:  86% (25/29)   Unpacking objects:  89% (26/29)   Unpacking objects:  93% (27/29)   Unpacking objects:  96% (28/29)   Unpacking objects: 100% (29/29)   Unpacking objects: 100% (29/29), done.
From https://github.com/reichlab/cdcForecastUtils
 * [new branch]      master     -> origin/master
There is no tracking information for the current branch.
Please specify which branch you want to merge with.
See git-pull(1) for details.

    git pull <remote> <branch>

If you wish to set tracking information for this branch you can do so with:

    git branch --set-upstream-to=origin/<branch> master

]0;~/Downloads/cdcForecastUtils(base) gcgibsons-MacBook-Pro:cdcForecastUtils gcgibson$ git pullsh origin master
To https://github.com/reichlab/cdcForecastUtils.git
 [31m! [rejected]       [m master -> master (non-fast-forward)
[31merror: failed to push some refs to 'https://github.com/reichlab/cdcForecastUtils.git'
[m[33mhint: Updates were rejected because the tip of your current branch is behind[m
[33mhint: its remote counterpart. Integrate the remote changes (e.g.[m
[33mhint: 'git pull ...') before pushing again.[m
[33mhint: See the 'Note about fast-forwards' in 'git push --help' for details.[m
]0;~/Downloads/cdcForecastUtils(base) gcgibsons-MacBook-Pro:cdcForecastUtils gcgibson$ git push origin masterll[K
There is no tracking information for the current branch.
Please specify which branch you want to merge with.
See git-pull(1) for details.

    git pull <remote> <branch>

If you wish to set tracking information for this branch you can do so with:

    git branch --set-upstream-to=origin/<branch> master

]0;~/Downloads/cdcForecastUtils(base) gcgibsons-MacBook-Pro:cdcForecastUtils gcgibson$ git pull origin master
From https://github.com/reichlab/cdcForecastUtils
 * branch            master     -> FETCH_HEAD
fatal: refusing to merge unrelated histories
]0;~/Downloads/cdcForecastUtils(base) gcgibsons-MacBook-Pro:cdcForecastUtils gcgibson$ git pull origin master --allow-un related-histories
From https://github.com/reichlab/cdcForecastUtils
 * branch            master     -> FETCH_HEAD
hint: Waiting for your editor to close the file... [?2004h[KMerge made by the 'recursive' strategy.
 .gitignore                               |   5 [32m+[m
 R/trajectories-to-binned-distributions.R | 289 [32m++++++++++++++++++++++++++++++++++++++++[m
 utilities.R                              |  46 [32m+++++++[m
 3 files changed, 340 insertions(+)
 create mode 100644 .gitignore
 create mode 100644 R/trajectories-to-binned-distributions.R
 create mode 100644 utilities.R
]0;~/Downloads/cdcForecastUtils(base) gcgibsons-MacBook-Pro:cdcForecastUtils gcgibson$ git pull origin master --allow-unrrelated-histories[A[C[C[C[C[C[C[C[C[C[C[C[C[C[C[C[C[C[C[C[C[C[C[C[C[C[C[C[C[C[C[C[C[C[C[C[C[C[C[C[C[C[C[C[C[C[C[C[C[C[C[C[C[C[C[C[C[C[C[C[C[C[K
[K[A[C[C[C[C[C[C[C[C[C[C[C[C[C[C[C[C[C[C[C[C[C[C[C[C[C[C[C[C[C[C[C[C[C[C[C[C[C[C[C[C[C[C[C[C[C[C[C[C[C[C[C[C[C[C[C[C[C[C[C[C[C[C[C[C[C[C[C[C[C[C[C[C[C[C[C[C[C[C[Ksh origin master
Enumerating objects: 105, done.
Counting objects:   0% (1/105)   Counting objects:   1% (2/105)   Counting objects:   2% (3/105)   Counting objects:   3% (4/105)   Counting objects:   4% (5/105)   Counting objects:   5% (6/105)   Counting objects:   6% (7/105)   Counting objects:   7% (8/105)   Counting objects:   8% (9/105)   Counting objects:   9% (10/105)   Counting objects:  10% (11/105)   Counting objects:  11% (12/105)   Counting objects:  12% (13/105)   Counting objects:  13% (14/105)   Counting objects:  14% (15/105)   Counting objects:  15% (16/105)   Counting objects:  16% (17/105)   Counting objects:  17% (18/105)   Counting objects:  18% (19/105)   Counting objects:  19% (20/105)   Counting objects:  20% (21/105)   Counting objects:  21% (23/105)   Counting objects:  22% (24/105)   Counting objects:  23% (25/105)   Counting objects:  24% (26/105)   Counting objects:  25% (27/105)   Counting objects:  26% (28/105)   Counting objects:  27% (29/105)   Counting objects:  28% (30/105)   Counting objects:  29% (31/105)   Counting objects:  30% (32/105)   Counting objects:  31% (33/105)   Counting objects:  32% (34/105)   Counting objects:  33% (35/105)   Counting objects:  34% (36/105)   Counting objects:  35% (37/105)   Counting objects:  36% (38/105)   Counting objects:  37% (39/105)   Counting objects:  38% (40/105)   Counting objects:  39% (41/105)   Counting objects:  40% (42/105)   Counting objects:  41% (44/105)   Counting objects:  42% (45/105)   Counting objects:  43% (46/105)   Counting objects:  44% (47/105)   Counting objects:  45% (48/105)   Counting objects:  46% (49/105)   Counting objects:  47% (50/105)   Counting objects:  48% (51/105)   Counting objects:  49% (52/105)   Counting objects:  50% (53/105)   Counting objects:  51% (54/105)   Counting objects:  52% (55/105)   Counting objects:  53% (56/105)   Counting objects:  54% (57/105)   Counting objects:  55% (58/105)   Counting objects:  56% (59/105)   Counting objects:  57% (60/105)   Counting objects:  58% (61/105)   Counting objects:  59% (62/105)   Counting objects:  60% (63/105)   Counting objects:  61% (65/105)   Counting objects:  62% (66/105)   Counting objects:  63% (67/105)   Counting objects:  64% (68/105)   Counting objects:  65% (69/105)   Counting objects:  66% (70/105)   Counting objects:  67% (71/105)   Counting objects:  68% (72/105)   Counting objects:  69% (73/105)   Counting objects:  70% (74/105)   Counting objects:  71% (75/105)   Counting objects:  72% (76/105)   Counting objects:  73% (77/105)   Counting objects:  74% (78/105)   Counting objects:  75% (79/105)   Counting objects:  76% (80/105)   Counting objects:  77% (81/105)   Counting objects:  78% (82/105)   Counting objects:  79% (83/105)   Counting objects:  80% (84/105)   Counting objects:  81% (86/105)   Counting objects:  82% (87/105)   Counting objects:  83% (88/105)   Counting objects:  84% (89/105)   Counting objects:  85% (90/105)   Counting objects:  86% (91/105)   Counting objects:  87% (92/105)   Counting objects:  88% (93/105)   Counting objects:  89% (94/105)   Counting objects:  90% (95/105)   Counting objects:  91% (96/105)   Counting objects:  92% (97/105)   Counting objects:  93% (98/105)   Counting objects:  94% (99/105)   Counting objects:  95% (100/105)   Counting objects:  96% (101/105)   Counting objects:  97% (102/105)   Counting objects:  98% (103/105)   Counting objects:  99% (104/105)   Counting objects: 100% (105/105)   Counting objects: 100% (105/105), done.
Delta compression using up to 4 threads
Compressing objects:   1% (1/88)   Compressing objects:   2% (2/88)   Compressing objects:   3% (3/88)   Compressing objects:   4% (4/88)   Compressing objects:   5% (5/88)   Compressing objects:   6% (6/88)   Compressing objects:   7% (7/88)   Compressing objects:   9% (8/88)   Compressing objects:  10% (9/88)   Compressing objects:  11% (10/88)   Compressing objects:  12% (11/88)   Compressing objects:  13% (12/88)   Compressing objects:  14% (13/88)   Compressing objects:  15% (14/88)   Compressing objects:  17% (15/88)   Compressing objects:  18% (16/88)   Compressing objects:  19% (17/88)   Compressing objects:  20% (18/88)   Compressing objects:  21% (19/88)   Compressing objects:  22% (20/88)   Compressing objects:  23% (21/88)   Compressing objects:  25% (22/88)   Compressing objects:  26% (23/88)   Compressing objects:  27% (24/88)   Compressing objects:  28% (25/88)   Compressing objects:  29% (26/88)   Compressing objects:  30% (27/88)   Compressing objects:  31% (28/88)   Compressing objects:  32% (29/88)   Compressing objects:  34% (30/88)   Compressing objects:  35% (31/88)   Compressing objects:  36% (32/88)   Compressing objects:  37% (33/88)   Compressing objects:  38% (34/88)   Compressing objects:  39% (35/88)   Compressing objects:  40% (36/88)   Compressing objects:  42% (37/88)   Compressing objects:  43% (38/88)   Compressing objects:  44% (39/88)   Compressing objects:  45% (40/88)   Compressing objects:  46% (41/88)   Compressing objects:  47% (42/88)   Compressing objects:  48% (43/88)   Compressing objects:  50% (44/88)   Compressing objects:  51% (45/88)   Compressing objects:  52% (46/88)   Compressing objects:  53% (47/88)   Compressing objects:  54% (48/88)   Compressing objects:  55% (49/88)   Compressing objects:  56% (50/88)   Compressing objects:  57% (51/88)   Compressing objects:  59% (52/88)   Compressing objects:  60% (53/88)   Compressing objects:  61% (54/88)   Compressing objects:  62% (55/88)   Compressing objects:  63% (56/88)   Compressing objects:  64% (57/88)   Compressing objects:  65% (58/88)   Compressing objects:  67% (59/88)   Compressing objects:  68% (60/88)   Compressing objects:  69% (61/88)   Compressing objects:  70% (62/88)   Compressing objects:  71% (63/88)   Compressing objects:  72% (64/88)   Compressing objects:  73% (65/88)   Compressing objects:  75% (66/88)   Compressing objects:  76% (67/88)   Compressing objects:  77% (68/88)   Compressing objects:  78% (69/88)   Compressing objects:  79% (70/88)   Compressing objects:  80% (71/88)   Compressing objects:  81% (72/88)   Compressing objects:  82% (73/88)   Compressing objects:  84% (74/88)   Compressing objects:  85% (75/88)   Compressing objects:  86% (76/88)   Compressing objects:  87% (77/88)   Compressing objects:  88% (78/88)   Compressing objects:  89% (79/88)   Compressing objects:  90% (80/88)   Compressing objects:  92% (81/88)   Compressing objects:  93% (82/88)   Compressing objects:  94% (83/88)   Compressing objects:  95% (84/88)   Compressing objects:  96% (85/88)   Compressing objects:  97% (86/88)   Compressing objects:  98% (87/88)   Compressing objects: 100% (88/88)   Compressing objects: 100% (88/88), done.
Writing objects:   0% (1/103)   Writing objects:   1% (2/103)   Writing objects:   2% (3/103)   Writing objects:   3% (4/103)   Writing objects:   4% (5/103)   Writing objects:   5% (6/103)   Writing objects:   6% (7/103)   Writing objects:   7% (8/103)   Writing objects:   8% (9/103)   Writing objects:   9% (10/103)   Writing objects:  10% (11/103)   Writing objects:  11% (12/103)   Writing objects:  12% (13/103)   Writing objects:  13% (14/103)   Writing objects:  14% (15/103)   Writing objects:  15% (16/103)   Writing objects:  16% (17/103)   Writing objects:  17% (18/103)   Writing objects:  18% (19/103)   Writing objects:  19% (20/103)   Writing objects:  20% (21/103)   Writing objects:  21% (22/103)   Writing objects:  22% (23/103)   Writing objects:  23% (24/103)   Writing objects:  24% (25/103)   Writing objects:  25% (26/103)   Writing objects:  26% (27/103)   Writing objects:  27% (28/103)   Writing objects:  28% (29/103)   Writing objects:  29% (30/103)   Writing objects:  30% (31/103)   Writing objects:  31% (32/103)   Writing objects:  32% (33/103)   Writing objects:  33% (34/103)   Writing objects:  34% (36/103)   Writing objects:  35% (37/103)   Writing objects:  36% (38/103)   Writing objects:  37% (39/103)   Writing objects:  38% (40/103)   Writing objects:  39% (41/103)   Writing objects:  40% (42/103)   Writing objects:  41% (43/103)   Writing objects:  42% (44/103)   Writing objects:  43% (45/103)   Writing objects:  44% (46/103)   Writing objects:  45% (47/103)   Writing objects:  46% (48/103)   Writing objects:  47% (49/103)   Writing objects:  48% (50/103)   Writing objects:  49% (51/103)   Writing objects:  50% (52/103)   Writing objects:  51% (53/103)   Writing objects:  52% (54/103)   Writing objects:  53% (55/103)   Writing objects:  54% (56/103)   Writing objects:  55% (57/103)   Writing objects:  56% (58/103)   Writing objects:  57% (59/103)   Writing objects:  58% (60/103)   Writing objects:  59% (61/103)   Writing objects:  60% (62/103)   Writing objects:  61% (63/103)   Writing objects:  62% (64/103)   Writing objects:  63% (65/103)   Writing objects:  64% (66/103)   Writing objects:  65% (67/103)   Writing objects:  66% (68/103)   Writing objects:  67% (70/103)   Writing objects:  68% (71/103)   Writing objects:  69% (72/103)   Writing objects:  70% (73/103)   Writing objects:  71% (74/103)   Writing objects:  72% (75/103)   Writing objects:  73% (76/103)   Writing objects:  74% (77/103)   Writing objects:  75% (78/103)   Writing objects:  76% (79/103)   Writing objects:  77% (80/103)   Writing objects:  78% (81/103)   Writing objects:  79% (82/103)   Writing objects:  80% (83/103)   Writing objects:  81% (84/103)   Writing objects:  82% (85/103)   Writing objects:  83% (86/103)   Writing objects:  84% (87/103)   Writing objects:  85% (88/103)   Writing objects:  86% (89/103)   Writing objects:  87% (90/103)   Writing objects:  88% (91/103)   Writing objects:  89% (92/103)   Writing objects:  90% (93/103)   Writing objects:  91% (94/103)   Writing objects:  92% (95/103)   Writing objects:  93% (96/103)   Writing objects:  94% (97/103)   Writing objects:  95% (98/103)   Writing objects:  96% (99/103)   Writing objects:  97% (100/103)   Writing objects:  98% (101/103)   Writing objects:  99% (102/103)   Writing objects: 100% (103/103)   Writing objects: 100% (103/103), 545.35 KiB | 3.13 MiB/s, done.
Total 103 (delta 10), reused 0 (delta 0)
remote: Resolving deltas:   0% (0/10)[Kremote: Resolving deltas:  10% (1/10)[Kremote: Resolving deltas:  20% (2/10)[Kremote: Resolving deltas:  60% (6/10)[Kremote: Resolving deltas:  90% (9/10)[Kremote: Resolving deltas: 100% (10/10)[Kremote: Resolving deltas: 100% (10/10), done.[K
To https://github.com/reichlab/cdcForecastUtils.git
   ccd85ad..98189d8  master -> master
]0;~/Downloads/cdcForecastUtils(base) gcgibsons-MacBook-Pro:cdcForecastUtils gcgibson$ git status
On branch master
Changes not staged for commit:
  (use "git add <file>..." to update what will be committed)
  (use "git checkout -- <file>..." to discard changes in working directory)

	[31mmodified:   .Rproj.user/33E36EF3/console06/74410E2F[m
	[31mmodified:   .Rproj.user/33E36EF3/console06/INDEX001[m

no changes added to commit (use "git add" and/or "git commit -a")
]0;~/Downloads/cdcForecastUtils(base) gcgibsons-MacBook-Pro:cdcForecastUtils gcgibson$ ls
DESCRIPTION		Read-and-delete-me	utilities.R
NAMESPACE		cdcForecastUtils.Rproj	vignettes
R			data
]0;~/Downloads/cdcForecastUtils(base) gcgibsons-MacBook-Pro:cdcForecastUtils gcgibson$ rm utilities.R 
]0;~/Downloads/cdcForecastUtils(base) gcgibsons-MacBook-Pro:cdcForecastUtils gcgibson$ gi[K[Krm [K[K[Kvim .gitignore 
[?2004h]0;~/Downloads/cdcForecastUtils(base) gcgibsons-MacBook-Pro:cdcForecastUtils gcgibson$ git add -a[KA
]0;~/Downloads/cdcForecastUtils(base) gcgibsons-MacBook-Pro:cdcForecastUtils gcgibson$ git commit -m "update"
[master f69f742] update
 3 files changed, 180 insertions(+), 48 deletions(-)
 rewrite .Rproj.user/33E36EF3/console06/INDEX001 (71%)
 delete mode 100644 utilities.R
]0;~/Downloads/cdcForecastUtils(base) gcgibsons-MacBook-Pro:cdcForecastUtils gcgibson$ git push origin master
Enumerating objects: 13, done.
Counting objects:   7% (1/13)   Counting objects:  15% (2/13)   Counting objects:  23% (3/13)   Counting objects:  30% (4/13)   Counting objects:  38% (5/13)   Counting objects:  46% (6/13)   Counting objects:  53% (7/13)   Counting objects:  61% (8/13)   Counting objects:  69% (9/13)   Counting objects:  76% (10/13)   Counting objects:  84% (11/13)   Counting objects:  92% (12/13)   Counting objects: 100% (13/13)   Counting objects: 100% (13/13), done.
Delta compression using up to 4 threads
Compressing objects:  14% (1/7)   Compressing objects:  28% (2/7)   Compressing objects:  42% (3/7)   Compressing objects:  57% (4/7)   Compressing objects:  71% (5/7)   Compressing objects:  85% (6/7)   Compressing objects: 100% (7/7)   Compressing objects: 100% (7/7), done.
Writing objects:  14% (1/7)   Writing objects:  28% (2/7)   Writing objects:  42% (3/7)   Writing objects:  57% (4/7)   Writing objects:  71% (5/7)   Writing objects:  85% (6/7)   Writing objects: 100% (7/7)   Writing objects: 100% (7/7), 5.04 KiB | 198.00 KiB/s, done.
Total 7 (delta 3), reused 0 (delta 0)
remote: Resolving deltas:   0% (0/3)[Kremote: Resolving deltas:  33% (1/3)[Kremote: Resolving deltas:  66% (2/3)[Kremote: Resolving deltas: 100% (3/3)[Kremote: Resolving deltas: 100% (3/3), completed with 3 local objects.[K
To https://github.com/reichlab/cdcForecastUtils.git
   98189d8..f69f742  master -> master
]0;~/Downloads/cdcForecastUtils(base) gcgibsons-MacBook-Pro:cdcForecastUtils gcgibson$ git add -A
]0;~/Downloads/cdcForecastUtils(base) gcgibsons-MacBook-Pro:cdcForecastUtils gcgibson$ git commit -m "update"
[master 516287b] update
 4 files changed, 19 insertions(+), 3 deletions(-)
 create mode 100644 vignettes/sarimaTD_example.pdf
]0;~/Downloads/cdcForecastUtils(base) gcgibsons-MacBook-Pro:cdcForecastUtils gcgibson$ git push origin master
Enumerating objects: 24, done.
Counting objects:   4% (1/24)   Counting objects:   8% (2/24)   Counting objects:  12% (3/24)   Counting objects:  16% (4/24)   Counting objects:  20% (5/24)   Counting objects:  25% (6/24)   Counting objects:  29% (7/24)   Counting objects:  33% (8/24)   Counting objects:  37% (9/24)   Counting objects:  41% (10/24)   Counting objects:  45% (11/24)   Counting objects:  50% (12/24)   Counting objects:  54% (13/24)   Counting objects:  58% (14/24)   Counting objects:  62% (15/24)   Counting objects:  66% (16/24)   Counting objects:  70% (17/24)   Counting objects:  75% (18/24)   Counting objects:  79% (19/24)   Counting objects:  83% (20/24)   Counting objects:  87% (21/24)   Counting objects:  91% (22/24)   Counting objects:  95% (23/24)   Counting objects: 100% (24/24)   Counting objects: 100% (24/24), done.
Delta compression using up to 4 threads
Compressing objects:   7% (1/13)   Compressing objects:  15% (2/13)   Compressing objects:  23% (3/13)   Compressing objects:  30% (4/13)   Compressing objects:  38% (5/13)   Compressing objects:  46% (6/13)   Compressing objects:  53% (7/13)   Compressing objects:  61% (8/13)   Compressing objects:  69% (9/13)   Compressing objects:  76% (10/13)   Compressing objects:  84% (11/13)   Compressing objects:  92% (12/13)   Compressing objects: 100% (13/13)   Compressing objects: 100% (13/13), done.
Writing objects:   7% (1/13)   Writing objects:  15% (2/13)   Writing objects:  23% (3/13)   Writing objects:  30% (4/13)   Writing objects:  38% (5/13)   Writing objects:  46% (6/13)   Writing objects:  53% (7/13)   Writing objects:  61% (8/13)   Writing objects:  69% (9/13)   Writing objects:  76% (10/13)   Writing objects:  84% (11/13)   Writing objects:  92% (12/13)   Writing objects: 100% (13/13)   Writing objects: 100% (13/13), 333.62 KiB | 13.34 MiB/s, done.
Total 13 (delta 6), reused 0 (delta 0)
remote: Resolving deltas:   0% (0/6)[Kremote: Resolving deltas:  16% (1/6)[Kremote: Resolving deltas:  33% (2/6)[Kremote: Resolving deltas:  50% (3/6)[Kremote: Resolving deltas:  66% (4/6)[Kremote: Resolving deltas:  83% (5/6)[Kremote: Resolving deltas: 100% (6/6)[Kremote: Resolving deltas: 100% (6/6), completed with 6 local objects.[K
To https://github.com/reichlab/cdcForecastUtils.git
   f69f742..516287b  master -> master
]0;~/Downloads/cdcForecastUtils(base) gcgibsons-MacBook-Pro:cdcForecastUtils gcgibson$ ls
DESCRIPTION		Read-and-delete-me	vignettes
NAMESPACE		cdcForecastUtils.Rproj
R			data
]0;~/Downloads/cdcForecastUtils(base) gcgibsons-MacBook-Pro:cdcForecastUtils gcgibson$ cd[K[Kvim G[KGUIDE.RM[K[KMD
[?2004h]0;~/Downloads/cdcForecastUtils(base) gcgibsons-MacBook-Pro:cdcForecastUtils gcgibson$ git add -A
]0;~/Downloads/cdcForecastUtils(base) gcgibsons-MacBook-Pro:cdcForecastUtils gcgibson$ git commmit -m "added guide[Kance do c"
git: 'commmit' is not a git command. See 'git --help'.

The most similar command is
	commit
]0;~/Downloads/cdcForecastUtils(base) gcgibsons-MacBook-Pro:cdcForecastUtils gcgibson$ git pcommmit -m "added guidance docc"[A[C[C[C[C[C[C[C[C[C[C[C[C[C[C[C[C[C[C[C[C[C[C[C[C[C[C[C[C[C[C[C[C[C[C[C[C[C[C[C[C[C[C[C[C[C[C[C[C[C[C[C[C[C[C[C[C[C[C[C[C[C[Cit -m "added guidance doc"[K[A[C[C[C[C[C[C[C[C[C[C[C[C[C[C[C[C[C[C[C[C[C[C[C[C[C[C[C[C[C[C[C[C[C[C[C[C[C[C[C[C[C[C[C[C[C[C[C[C[C[C[C[C[C[C[C[C[C[C[C[C[C

[master b85d9fb] added guidance doc
 7 files changed, 43 insertions(+), 8 deletions(-)
 create mode 100644 GUIDE.MD
]0;~/Downloads/cdcForecastUtils(base) gcgibsons-MacBook-Pro:cdcForecastUtils gcgibson$ git pish [K[K[K[Kush origin master
Enumerating objects: 28, done.
Counting objects:   3% (1/28)   Counting objects:   7% (2/28)   Counting objects:  10% (3/28)   Counting objects:  14% (4/28)   Counting objects:  17% (5/28)   Counting objects:  21% (6/28)   Counting objects:  25% (7/28)   Counting objects:  28% (8/28)   Counting objects:  32% (9/28)   Counting objects:  35% (10/28)   Counting objects:  39% (11/28)   Counting objects:  42% (12/28)   Counting objects:  46% (13/28)   Counting objects:  50% (14/28)   Counting objects:  53% (15/28)   Counting objects:  57% (16/28)   Counting objects:  60% (17/28)   Counting objects:  64% (18/28)   Counting objects:  67% (19/28)   Counting objects:  71% (20/28)   Counting objects:  75% (21/28)   Counting objects:  78% (22/28)   Counting objects:  82% (23/28)   Counting objects:  85% (24/28)   Counting objects:  89% (25/28)   Counting objects:  92% (26/28)   Counting objects:  96% (27/28)   Counting objects: 100% (28/28)   Counting objects: 100% (28/28), done.
Delta compression using up to 4 threads
Compressing objects:   6% (1/15)   Compressing objects:  13% (2/15)   Compressing objects:  20% (3/15)   Compressing objects:  26% (4/15)   Compressing objects:  33% (5/15)   Compressing objects:  40% (6/15)   Compressing objects:  46% (7/15)   Compressing objects:  53% (8/15)   Compressing objects:  60% (9/15)   Compressing objects:  66% (10/15)   Compressing objects:  73% (11/15)   Compressing objects:  80% (12/15)   Compressing objects:  86% (13/15)   Compressing objects:  93% (14/15)   Compressing objects: 100% (15/15)   Compressing objects: 100% (15/15), done.
Writing objects:   6% (1/15)   Writing objects:  13% (2/15)   Writing objects:  20% (3/15)   Writing objects:  26% (4/15)   Writing objects:  33% (5/15)   Writing objects:  40% (6/15)   Writing objects:  46% (7/15)   Writing objects:  53% (8/15)   Writing objects:  60% (9/15)   Writing objects:  66% (10/15)   Writing objects:  73% (11/15)   Writing objects:  80% (12/15)   Writing objects:  86% (13/15)   Writing objects:  93% (14/15)   Writing objects: 100% (15/15)   Writing objects: 100% (15/15), 2.32 KiB | 59.00 KiB/s, done.
Total 15 (delta 8), reused 0 (delta 0)
remote: Resolving deltas:   0% (0/8)[Kremote: Resolving deltas:  12% (1/8)[Kremote: Resolving deltas:  25% (2/8)[Kremote: Resolving deltas:  37% (3/8)[Kremote: Resolving deltas:  50% (4/8)[Kremote: Resolving deltas:  62% (5/8)[Kremote: Resolving deltas:  75% (6/8)[Kremote: Resolving deltas:  87% (7/8)[Kremote: Resolving deltas: 100% (8/8)[Kremote: Resolving deltas: 100% (8/8), completed with 8 local objects.[K
To https://github.com/reichlab/cdcForecastUtils.git
   516287b..b85d9fb  master -> master
]0;~/Downloads/cdcForecastUtils[?1034h(base) gcgibsons-MacBook-Pro:cdcForecastUtils gcgibson$ [K(base) gcgibsons-MacBook-Pro:cdcForecastUtils gcgibson$ git d[Kadd -a[KA
]0;~/Downloads/cdcForecastUtils(base) gcgibsons-MacBook-Pro:cdcForecastUtils gcgibson$ git commit  -m "generate csv"
[master 2d01693] generate csv
 29 files changed, 1970 insertions(+), 789 deletions(-)
 rewrite .Rproj.user/33E36EF3/console06/INDEX001 (71%)
 delete mode 100644 .Rproj.user/33E36EF3/sources/s-D8C4D429/215AB8E4
 delete mode 100644 .Rproj.user/33E36EF3/sources/s-D8C4D429/E504F78C
 delete mode 100644 .Rproj.user/shared/notebooks/41B56354-sarimaTD_example/1/33E36EF3D8C4D429/chunks.json
 delete mode 100644 R/R/data_utils.R
 delete mode 100644 R/R/trajectories-to-binned-distributions.R
 delete mode 100644 R/R/utilities.R
 delete mode 100644 R/cdcForecastUtils-internal.R
 rename R/{date_start_and_end_to_date_seq.R => date_start_and_end_to_seq.R} (78%)
 create mode 100644 R/generate_csv_from_submission_df.R
 delete mode 100644 Read-and-delete-me
 create mode 100644 vignettes/.csv
 create mode 100644 vignettes/2020-EW10.csv
]0;~/Downloads/cdcForecastUtils(base) gcgibsons-MacBook-Pro:cdcForecastUtils gcgibson$ git push or iign mast[K[K[K[K[K[K[K[Kgin master
Enumerating objects: 67, done.
Counting objects:   1% (1/67)   Counting objects:   2% (2/67)   Counting objects:   4% (3/67)   Counting objects:   5% (4/67)   Counting objects:   7% (5/67)   Counting objects:   8% (6/67)   Counting objects:  10% (7/67)   Counting objects:  11% (8/67)   Counting objects:  13% (9/67)   Counting objects:  14% (10/67)   Counting objects:  16% (11/67)   Counting objects:  17% (12/67)   Counting objects:  19% (13/67)   Counting objects:  20% (14/67)   Counting objects:  22% (15/67)   Counting objects:  23% (16/67)   Counting objects:  25% (17/67)   Counting objects:  26% (18/67)   Counting objects:  28% (19/67)   Counting objects:  29% (20/67)   Counting objects:  31% (21/67)   Counting objects:  32% (22/67)   Counting objects:  34% (23/67)   Counting objects:  35% (24/67)   Counting objects:  37% (25/67)   Counting objects:  38% (26/67)   Counting objects:  40% (27/67)   Counting objects:  41% (28/67)   Counting objects:  43% (29/67)   Counting objects:  44% (30/67)   Counting objects:  46% (31/67)   Counting objects:  47% (32/67)   Counting objects:  49% (33/67)   Counting objects:  50% (34/67)   Counting objects:  52% (35/67)   Counting objects:  53% (36/67)   Counting objects:  55% (37/67)   Counting objects:  56% (38/67)   Counting objects:  58% (39/67)   Counting objects:  59% (40/67)   Counting objects:  61% (41/67)   Counting objects:  62% (42/67)   Counting objects:  64% (43/67)   Counting objects:  65% (44/67)   Counting objects:  67% (45/67)   Counting objects:  68% (46/67)   Counting objects:  70% (47/67)   Counting objects:  71% (48/67)   Counting objects:  73% (49/67)   Counting objects:  74% (50/67)   Counting objects:  76% (51/67)   Counting objects:  77% (52/67)   Counting objects:  79% (53/67)   Counting objects:  80% (54/67)   Counting objects:  82% (55/67)   Counting objects:  83% (56/67)   Counting objects:  85% (57/67)   Counting objects:  86% (58/67)   Counting objects:  88% (59/67)   Counting objects:  89% (60/67)   Counting objects:  91% (61/67)   Counting objects:  92% (62/67)   Counting objects:  94% (63/67)   Counting objects:  95% (64/67)   Counting objects:  97% (65/67)   Counting objects:  98% (66/67)   Counting objects: 100% (67/67)   Counting objects: 100% (67/67), done.
Delta compression using up to 4 threads
Compressing objects:   3% (1/31)   Compressing objects:   6% (2/31)   Compressing objects:   9% (3/31)   Compressing objects:  12% (4/31)   Compressing objects:  16% (5/31)   Compressing objects:  19% (6/31)   Compressing objects:  22% (7/31)   Compressing objects:  25% (8/31)   Compressing objects:  29% (9/31)   Compressing objects:  32% (10/31)   Compressing objects:  35% (11/31)   Compressing objects:  38% (12/31)   Compressing objects:  41% (13/31)   Compressing objects:  45% (14/31)   Compressing objects:  48% (15/31)   Compressing objects:  51% (16/31)   Compressing objects:  54% (17/31)   Compressing objects:  58% (18/31)   Compressing objects:  61% (19/31)   Compressing objects:  64% (20/31)   Compressing objects:  67% (21/31)   Compressing objects:  70% (22/31)   Compressing objects:  74% (23/31)   Compressing objects:  77% (24/31)   Compressing objects:  80% (25/31)   Compressing objects:  83% (26/31)   Compressing objects:  87% (27/31)   Compressing objects:  90% (28/31)   Compressing objects:  93% (29/31)   Compressing objects:  96% (30/31)   Compressing objects: 100% (31/31)   Compressing objects: 100% (31/31), done.
Writing objects:   2% (1/36)   Writing objects:   5% (2/36)   Writing objects:   8% (3/36)   Writing objects:  11% (4/36)   Writing objects:  13% (5/36)   Writing objects:  16% (6/36)   Writing objects:  19% (7/36)   Writing objects:  22% (8/36)   Writing objects:  25% (9/36)   Writing objects:  27% (10/36)   Writing objects:  30% (11/36)   Writing objects:  33% (12/36)   Writing objects:  36% (13/36)   Writing objects:  38% (14/36)   Writing objects:  41% (15/36)   Writing objects:  44% (16/36)   Writing objects:  47% (17/36)   Writing objects:  50% (18/36)   Writing objects:  52% (19/36)   Writing objects:  55% (20/36)   Writing objects:  58% (21/36)   Writing objects:  61% (22/36)   Writing objects:  63% (23/36)   Writing objects:  66% (24/36)   Writing objects:  69% (25/36)   Writing objects:  72% (26/36)   Writing objects:  75% (27/36)   Writing objects:  77% (28/36)   Writing objects:  80% (29/36)   Writing objects:  83% (30/36)   Writing objects:  86% (31/36)   Writing objects:  88% (32/36)   Writing objects:  91% (33/36)   Writing objects:  94% (34/36)   Writing objects:  97% (35/36)   Writing objects: 100% (36/36)   Writing objects: 100% (36/36), 13.84 KiB | 262.00 KiB/s, done.
Total 36 (delta 14), reused 0 (delta 0)
remote: Resolving deltas:   0% (0/14)[Kremote: Resolving deltas:   7% (1/14)[Kremote: Resolving deltas:  14% (2/14)[Kremote: Resolving deltas:  21% (3/14)[Kremote: Resolving deltas:  28% (4/14)[Kremote: Resolving deltas:  35% (5/14)[Kremote: Resolving deltas:  42% (6/14)[Kremote: Resolving deltas:  50% (7/14)[Kremote: Resolving deltas:  57% (8/14)[Kremote: Resolving deltas:  64% (9/14)[Kremote: Resolving deltas:  71% (10/14)[Kremote: Resolving deltas:  78% (11/14)[Kremote: Resolving deltas:  85% (12/14)[Kremote: Resolving deltas:  92% (13/14)[Kremote: Resolving deltas: 100% (14/14)[Kremote: Resolving deltas: 100% (14/14), completed with 13 local objects.[K
To https://github.com/reichlab/cdcForecastUtils.git
   b85d9fb..2d01693  master -> master
]0;~/Downloads/cdcForecastUtils(base) gcgibsons-MacBook-Pro:cdcForecastUtils gcgibson$ git rm cdcFoorecastUtils.Rproj 
rm 'cdcForecastUtils.Rproj'
]0;~/Downloads/cdcForecastUtils(base) gcgibsons-MacBook-Pro:cdcForecastUtils gcgibson$ git add -A